10:07:31 **** Incremental Build of configuration Debug for project DMA_Test ****
make -j5 all 
arm-none-eabi-gcc "../Core/Src/main.c" -mcpu=cortex-m7 -std=gnu11 -g3 -DUSE_HAL_DRIVER -DSTM32F746xx -DDEBUG -c -I../Drivers/CMSIS/Include -I../Drivers/CMSIS/Device/ST/STM32F7xx/Include -I../Core/Inc -I../Drivers/STM32F7xx_HAL_Driver/Inc -I../Drivers/STM32F7xx_HAL_Driver/Inc/Legacy -O0 -ffunction-sections -fdata-sections -Wall -fstack-usage -MMD -MP -MF"Core/Src/main.d" -MT"Core/Src/main.o" --specs=nano.specs -mfpu=fpv5-sp-d16 -mfloat-abi=hard -mthumb -o "Core/Src/main.o"
arm-none-eabi-gcc -o "DMA_Test.elf" @"objects.list"   -mcpu=cortex-m7 -T"/Users/gabrielespinosa/STM32CubeIDE/workspace_1.2.0/DMA_Test/STM32F746ZGTX_FLASH.ld" --specs=nosys.specs -Wl,-Map="DMA_Test.map" -Wl,--gc-sections -static --specs=nano.specs -mfpu=fpv5-sp-d16 -mfloat-abi=hard -mthumb -Wl,--start-group -lc -lm -Wl,--end-group
Finished building target: DMA_Test.elf
 
arm-none-eabi-objdump -h -S  DMA_Test.elf  > "DMA_Test.list"
arm-none-eabi-objcopy  -O binary  DMA_Test.elf  "DMA_Test.bin"
arm-none-eabi-size   DMA_Test.elf 
   text	   data	    bss	    dec	    hex	filename
  14204	     24	   2768	  16996	   4264	DMA_Test.elf
Finished building: default.size.stdout
 
Finished building: DMA_Test.bin
 
Finished building: DMA_Test.list
 

10:07:33 Build Finished. 0 errors, 0 warnings. (took 1s.827ms)

