22:21:21 **** Incremental Build of configuration Debug for project ADC_DMA_Test ****
make -j5 all 
arm-none-eabi-gcc "../Core/Src/main.c" -mcpu=cortex-m7 -std=gnu11 -g3 -DUSE_HAL_DRIVER -DSTM32F746xx -DDEBUG -c -I../Drivers/CMSIS/Include -I../Drivers/CMSIS/Device/ST/STM32F7xx/Include -I../Core/Inc -I../Drivers/STM32F7xx_HAL_Driver/Inc -I../Drivers/STM32F7xx_HAL_Driver/Inc/Legacy -O0 -ffunction-sections -fdata-sections -Wall -fstack-usage -MMD -MP -MF"Core/Src/main.d" -MT"Core/Src/main.o" --specs=nano.specs -mfpu=fpv5-sp-d16 -mfloat-abi=hard -mthumb -o "Core/Src/main.o"
arm-none-eabi-gcc -o "ADC_DMA_Test.elf" @"objects.list"   -mcpu=cortex-m7 -T"/Users/gabrielespinosa/STM32CubeIDE/workspace_1.0.1/ADC_DMA_Test/STM32F746ZGTX_FLASH.ld" --specs=nosys.specs -Wl,-Map="ADC_DMA_Test.map" -Wl,--gc-sections -static --specs=nano.specs -mfpu=fpv5-sp-d16 -mfloat-abi=hard -mthumb -Wl,--start-group -lc -lm -Wl,--end-group
Finished building target: ADC_DMA_Test.elf
 
arm-none-eabi-objdump -h -S  ADC_DMA_Test.elf  > "ADC_DMA_Test.list"
arm-none-eabi-objcopy  -O binary  ADC_DMA_Test.elf  "ADC_DMA_Test.bin"
arm-none-eabi-size   ADC_DMA_Test.elf 
Finished building: ADC_DMA_Test.list
 
Finished building: ADC_DMA_Test.bin
 
   text	   data	    bss	    dec	    hex	filename
  20800	    120	   2888	  23808	   5d00	ADC_DMA_Test.elf
Finished building: default.size.stdout
 
