12:20:03 **** Incremental Build of configuration Debug for project ADC_DMA_Test ****
make -j5 all 
arm-none-eabi-size   ADC_DMA_Test.elf 
   text	   data	    bss	    dec	    hex	filename
  17400	     20	   2868	  20288	   4f40	ADC_DMA_Test.elf
Finished building: default.size.stdout
 
12:20:12 **** Incremental Build of configuration Debug for project ADC_DMA_Test ****
make -j5 all 
arm-none-eabi-size   ADC_DMA_Test.elf 
   text	   data	    bss	    dec	    hex	filename
  17400	     20	   2868	  20288	   4f40	ADC_DMA_Test.elf
Finished building: default.size.stdout
 
12:22:01 **** Incremental Build of configuration Debug for project ADC_DMA_Test ****
make -j5 all 
arm-none-eabi-size   ADC_DMA_Test.elf 
   text	   data	    bss	    dec	    hex	filename
  17400	     20	   2868	  20288	   4f40	ADC_DMA_Test.elf
Finished building: default.size.stdout
 
12:25:07 **** Incremental Build of configuration Debug for project ADC_DMA_Test ****
make -j5 all 
arm-none-eabi-size   ADC_DMA_Test.elf 
   text	   data	    bss	    dec	    hex	filename
  17400	     20	   2868	  20288	   4f40	ADC_DMA_Test.elf
Finished building: default.size.stdout
 
12:26:39 **** Incremental Build of configuration Debug for project ADC_DMA_Test ****
make -j5 all 
arm-none-eabi-size   ADC_DMA_Test.elf 
   text	   data	    bss	    dec	    hex	filename
  17400	     20	   2868	  20288	   4f40	ADC_DMA_Test.elf
Finished building: default.size.stdout
 
12:30:31 **** Incremental Build of configuration Debug for project ADC_DMA_Test ****
make -j5 all 
arm-none-eabi-size   ADC_DMA_Test.elf 
   text	   data	    bss	    dec	    hex	filename
  17400	     20	   2868	  20288	   4f40	ADC_DMA_Test.elf
Finished building: default.size.stdout
 
12:30:34 **** Incremental Build of configuration Debug for project ADC_DMA_Test ****
make -j5 all 
arm-none-eabi-size   ADC_DMA_Test.elf 
   text	   data	    bss	    dec	    hex	filename
  17400	     20	   2868	  20288	   4f40	ADC_DMA_Test.elf
Finished building: default.size.stdout
 
12:31:10 **** Incremental Build of configuration Debug for project ADC_DMA_Test ****
make -j5 all 
arm-none-eabi-size   ADC_DMA_Test.elf 
   text	   data	    bss	    dec	    hex	filename
  17400	     20	   2868	  20288	   4f40	ADC_DMA_Test.elf
Finished building: default.size.stdout
 
12:32:04 **** Incremental Build of configuration Debug for project ADC_DMA_Test ****
make -j5 all 
arm-none-eabi-size   ADC_DMA_Test.elf 
   text	   data	    bss	    dec	    hex	filename
  17400	     20	   2868	  20288	   4f40	ADC_DMA_Test.elf
Finished building: default.size.stdout
 
12:32:49 **** Build of configuration Debug for project Sine_Wave ****
make -j5 all 
arm-none-eabi-size   Sine_Wave.elf 
arm-none-eabi-objcopy  -O binary  Sine_Wave.elf  "Sine_Wave.bin"
   text	   data	    bss	    dec	    hex	filename
  16152	     20	   2820	  18992	   4a30	Sine_Wave.elf
Finished building: default.size.stdout
 
Finished building: Sine_Wave.bin
 
