Archive member included to satisfy reference by file (symbol)

/Applications/STM32CubeIDE.app/Contents/Eclipse/plugins/com.st.stm32cube.ide.mcu.externaltools.gnu-tools-for-stm32.7-2018-q2-update.macos64_1.0.0.201904181610/tools/bin/../lib/gcc/arm-none-eabi/7.3.1/../../../../arm-none-eabi/lib/thumb/v7e-m/fpv4-sp/hard/libc_nano.a(lib_a-errno.o)
                              Core/Src/syscalls.o (__errno)
/Applications/STM32CubeIDE.app/Contents/Eclipse/plugins/com.st.stm32cube.ide.mcu.externaltools.gnu-tools-for-stm32.7-2018-q2-update.macos64_1.0.0.201904181610/tools/bin/../lib/gcc/arm-none-eabi/7.3.1/../../../../arm-none-eabi/lib/thumb/v7e-m/fpv4-sp/hard/libc_nano.a(lib_a-exit.o)
                              /Applications/STM32CubeIDE.app/Contents/Eclipse/plugins/com.st.stm32cube.ide.mcu.externaltools.gnu-tools-for-stm32.7-2018-q2-update.macos64_1.0.0.201904181610/tools/bin/../lib/gcc/arm-none-eabi/7.3.1/../../../../arm-none-eabi/lib/thumb/v7e-m/fpv4-sp/hard/crt0.o (exit)
/Applications/STM32CubeIDE.app/Contents/Eclipse/plugins/com.st.stm32cube.ide.mcu.externaltools.gnu-tools-for-stm32.7-2018-q2-update.macos64_1.0.0.201904181610/tools/bin/../lib/gcc/arm-none-eabi/7.3.1/../../../../arm-none-eabi/lib/thumb/v7e-m/fpv4-sp/hard/libc_nano.a(lib_a-impure.o)
                              /Applications/STM32CubeIDE.app/Contents/Eclipse/plugins/com.st.stm32cube.ide.mcu.externaltools.gnu-tools-for-stm32.7-2018-q2-update.macos64_1.0.0.201904181610/tools/bin/../lib/gcc/arm-none-eabi/7.3.1/../../../../arm-none-eabi/lib/thumb/v7e-m/fpv4-sp/hard/libc_nano.a(lib_a-exit.o) (_global_impure_ptr)
/Applications/STM32CubeIDE.app/Contents/Eclipse/plugins/com.st.stm32cube.ide.mcu.externaltools.gnu-tools-for-stm32.7-2018-q2-update.macos64_1.0.0.201904181610/tools/bin/../lib/gcc/arm-none-eabi/7.3.1/../../../../arm-none-eabi/lib/thumb/v7e-m/fpv4-sp/hard/libc_nano.a(lib_a-init.o)
                              /Applications/STM32CubeIDE.app/Contents/Eclipse/plugins/com.st.stm32cube.ide.mcu.externaltools.gnu-tools-for-stm32.7-2018-q2-update.macos64_1.0.0.201904181610/tools/bin/../lib/gcc/arm-none-eabi/7.3.1/../../../../arm-none-eabi/lib/thumb/v7e-m/fpv4-sp/hard/crt0.o (__libc_init_array)
/Applications/STM32CubeIDE.app/Contents/Eclipse/plugins/com.st.stm32cube.ide.mcu.externaltools.gnu-tools-for-stm32.7-2018-q2-update.macos64_1.0.0.201904181610/tools/bin/../lib/gcc/arm-none-eabi/7.3.1/../../../../arm-none-eabi/lib/thumb/v7e-m/fpv4-sp/hard/libc_nano.a(lib_a-memset.o)
                              /Applications/STM32CubeIDE.app/Contents/Eclipse/plugins/com.st.stm32cube.ide.mcu.externaltools.gnu-tools-for-stm32.7-2018-q2-update.macos64_1.0.0.201904181610/tools/bin/../lib/gcc/arm-none-eabi/7.3.1/../../../../arm-none-eabi/lib/thumb/v7e-m/fpv4-sp/hard/crt0.o (memset)
/Applications/STM32CubeIDE.app/Contents/Eclipse/plugins/com.st.stm32cube.ide.mcu.externaltools.gnu-tools-for-stm32.7-2018-q2-update.macos64_1.0.0.201904181610/tools/bin/../lib/gcc/arm-none-eabi/7.3.1/thumb/v7e-m/fpv4-sp/hard/libgcc.a(_aeabi_uldivmod.o)
                              Drivers/STM32F7xx_HAL_Driver/Src/stm32f7xx_hal_rcc.o (__aeabi_uldivmod)
/Applications/STM32CubeIDE.app/Contents/Eclipse/plugins/com.st.stm32cube.ide.mcu.externaltools.gnu-tools-for-stm32.7-2018-q2-update.macos64_1.0.0.201904181610/tools/bin/../lib/gcc/arm-none-eabi/7.3.1/thumb/v7e-m/fpv4-sp/hard/libgcc.a(_udivmoddi4.o)
                              /Applications/STM32CubeIDE.app/Contents/Eclipse/plugins/com.st.stm32cube.ide.mcu.externaltools.gnu-tools-for-stm32.7-2018-q2-update.macos64_1.0.0.201904181610/tools/bin/../lib/gcc/arm-none-eabi/7.3.1/thumb/v7e-m/fpv4-sp/hard/libgcc.a(_aeabi_uldivmod.o) (__udivmoddi4)
/Applications/STM32CubeIDE.app/Contents/Eclipse/plugins/com.st.stm32cube.ide.mcu.externaltools.gnu-tools-for-stm32.7-2018-q2-update.macos64_1.0.0.201904181610/tools/bin/../lib/gcc/arm-none-eabi/7.3.1/thumb/v7e-m/fpv4-sp/hard/libgcc.a(_dvmd_tls.o)
                              /Applications/STM32CubeIDE.app/Contents/Eclipse/plugins/com.st.stm32cube.ide.mcu.externaltools.gnu-tools-for-stm32.7-2018-q2-update.macos64_1.0.0.201904181610/tools/bin/../lib/gcc/arm-none-eabi/7.3.1/thumb/v7e-m/fpv4-sp/hard/libgcc.a(_aeabi_uldivmod.o) (__aeabi_ldiv0)

Allocating common symbols
Common symbol       size              file

hdma_memtomem_dma2_stream0
                    0x60              Core/Src/main.o
hpcd_USB_OTG_FS     0x404             Core/Src/main.o
uwTick              0x4               Drivers/STM32F7xx_HAL_Driver/Src/stm32f7xx_hal.o
pFlash              0x1c              Drivers/STM32F7xx_HAL_Driver/Src/stm32f7xx_hal_flash.o
hadc1               0x48              Core/Src/main.o

Discarded input sections

 .text          0x0000000000000000        0x0 /Applications/STM32CubeIDE.app/Contents/Eclipse/plugins/com.st.stm32cube.ide.mcu.externaltools.gnu-tools-for-stm32.7-2018-q2-update.macos64_1.0.0.201904181610/tools/bin/../lib/gcc/arm-none-eabi/7.3.1/thumb/v7e-m/fpv4-sp/hard/crti.o
[...]
Memory Configuration

Name             Origin             Length             Attributes
RAM              0x0000000020000000 0x0000000000050000 xrw
FLASH            0x0000000008000000 0x0000000000100000 xr
*default*        0x0000000000000000 0xffffffffffffffff

Linker script and memory map

LOAD /Applications/STM32CubeIDE.app/Contents/Eclipse/plugins/com.st.stm32cube.ide.mcu.externaltools.gnu-tools-for-stm32.7-2018-q2-update.macos64_1.0.0.201904181610/tools/bin/../lib/gcc/arm-none-eabi/7.3.1/thumb/v7e-m/fpv4-sp/hard/crti.o
LOAD /Applications/STM32CubeIDE.app/Contents/Eclipse/plugins/com.st.stm32cube.ide.mcu.externaltools.gnu-tools-for-stm32.7-2018-q2-update.macos64_1.0.0.201904181610/tools/bin/../lib/gcc/arm-none-eabi/7.3.1/thumb/v7e-m/fpv4-sp/hard/crtbegin.o
LOAD /Applications/STM32CubeIDE.app/Contents/Eclipse/plugins/com.st.stm32cube.ide.mcu.externaltools.gnu-tools-for-stm32.7-2018-q2-update.macos64_1.0.0.201904181610/tools/bin/../lib/gcc/arm-none-eabi/7.3.1/../../../../arm-none-eabi/lib/thumb/v7e-m/fpv4-sp/hard/crt0.o
LOAD Core/Src/main.o
LOAD Core/Src/stm32f7xx_hal_msp.o
LOAD Core/Src/stm32f7xx_it.o
LOAD Core/Src/syscalls.o
LOAD Core/Src/sysmem.o
LOAD Core/Src/system_stm32f7xx.o
LOAD Core/Startup/startup_stm32f746zgtx.o
LOAD Drivers/STM32F7xx_HAL_Driver/Src/stm32f7xx_hal.o
LOAD Drivers/STM32F7xx_HAL_Driver/Src/stm32f7xx_hal_adc.o
LOAD Drivers/STM32F7xx_HAL_Driver/Src/stm32f7xx_hal_adc_ex.o
LOAD Drivers/STM32F7xx_HAL_Driver/Src/stm32f7xx_hal_cortex.o
LOAD Drivers/STM32F7xx_HAL_Driver/Src/stm32f7xx_hal_dma.o
LOAD Drivers/STM32F7xx_HAL_Driver/Src/stm32f7xx_hal_dma_ex.o
LOAD Drivers/STM32F7xx_HAL_Driver/Src/stm32f7xx_hal_exti.o
LOAD Drivers/STM32F7xx_HAL_Driver/Src/stm32f7xx_hal_flash.o
LOAD Drivers/STM32F7xx_HAL_Driver/Src/stm32f7xx_hal_flash_ex.o
LOAD Drivers/STM32F7xx_HAL_Driver/Src/stm32f7xx_hal_gpio.o
LOAD Drivers/STM32F7xx_HAL_Driver/Src/stm32f7xx_hal_i2c.o
LOAD Drivers/STM32F7xx_HAL_Driver/Src/stm32f7xx_hal_i2c_ex.o
LOAD Drivers/STM32F7xx_HAL_Driver/Src/stm32f7xx_hal_pcd.o
LOAD Drivers/STM32F7xx_HAL_Driver/Src/stm32f7xx_hal_pcd_ex.o
LOAD Drivers/STM32F7xx_HAL_Driver/Src/stm32f7xx_hal_pwr.o
LOAD Drivers/STM32F7xx_HAL_Driver/Src/stm32f7xx_hal_pwr_ex.o
LOAD Drivers/STM32F7xx_HAL_Driver/Src/stm32f7xx_hal_rcc.o
LOAD Drivers/STM32F7xx_HAL_Driver/Src/stm32f7xx_hal_rcc_ex.o
LOAD Drivers/STM32F7xx_HAL_Driver/Src/stm32f7xx_hal_tim.o
LOAD Drivers/STM32F7xx_HAL_Driver/Src/stm32f7xx_hal_tim_ex.o
LOAD Drivers/STM32F7xx_HAL_Driver/Src/stm32f7xx_ll_usb.o
START GROUP
LOAD /Applications/STM32CubeIDE.app/Contents/Eclipse/plugins/com.st.stm32cube.ide.mcu.externaltools.gnu-tools-for-stm32.7-2018-q2-update.macos64_1.0.0.201904181610/tools/bin/../lib/gcc/arm-none-eabi/7.3.1/../../../../arm-none-eabi/lib/thumb/v7e-m/fpv4-sp/hard/libc_nano.a
LOAD /Applications/STM32CubeIDE.app/Contents/Eclipse/plugins/com.st.stm32cube.ide.mcu.externaltools.gnu-tools-for-stm32.7-2018-q2-update.macos64_1.0.0.201904181610/tools/bin/../lib/gcc/arm-none-eabi/7.3.1/../../../../arm-none-eabi/lib/thumb/v7e-m/fpv4-sp/hard/libm.a
END GROUP
START GROUP
LOAD /Applications/STM32CubeIDE.app/Contents/Eclipse/plugins/com.st.stm32cube.ide.mcu.externaltools.gnu-tools-for-stm32.7-2018-q2-update.macos64_1.0.0.201904181610/tools/bin/../lib/gcc/arm-none-eabi/7.3.1/thumb/v7e-m/fpv4-sp/hard/libgcc.a
LOAD /Applications/STM32CubeIDE.app/Contents/Eclipse/plugins/com.st.stm32cube.ide.mcu.externaltools.gnu-tools-for-stm32.7-2018-q2-update.macos64_1.0.0.201904181610/tools/bin/../lib/gcc/arm-none-eabi/7.3.1/../../../../arm-none-eabi/lib/thumb/v7e-m/fpv4-sp/hard/libc_nano.a
END GROUP
START GROUP
LOAD /Applications/STM32CubeIDE.app/Contents/Eclipse/plugins/com.st.stm32cube.ide.mcu.externaltools.gnu-tools-for-stm32.7-2018-q2-update.macos64_1.0.0.201904181610/tools/bin/../lib/gcc/arm-none-eabi/7.3.1/thumb/v7e-m/fpv4-sp/hard/libgcc.a
LOAD /Applications/STM32CubeIDE.app/Contents/Eclipse/plugins/com.st.stm32cube.ide.mcu.externaltools.gnu-tools-for-stm32.7-2018-q2-update.macos64_1.0.0.201904181610/tools/bin/../lib/gcc/arm-none-eabi/7.3.1/../../../../arm-none-eabi/lib/thumb/v7e-m/fpv4-sp/hard/libc_nano.a
LOAD /Applications/STM32CubeIDE.app/Contents/Eclipse/plugins/com.st.stm32cube.ide.mcu.externaltools.gnu-tools-for-stm32.7-2018-q2-update.macos64_1.0.0.201904181610/tools/bin/../lib/gcc/arm-none-eabi/7.3.1/../../../../arm-none-eabi/lib/thumb/v7e-m/fpv4-sp/hard/libnosys.a
END GROUP
START GROUP
LOAD /Applications/STM32CubeIDE.app/Contents/Eclipse/plugins/com.st.stm32cube.ide.mcu.externaltools.gnu-tools-for-stm32.7-2018-q2-update.macos64_1.0.0.201904181610/tools/bin/../lib/gcc/arm-none-eabi/7.3.1/thumb/v7e-m/fpv4-sp/hard/libgcc.a
LOAD /Applications/STM32CubeIDE.app/Contents/Eclipse/plugins/com.st.stm32cube.ide.mcu.externaltools.gnu-tools-for-stm32.7-2018-q2-update.macos64_1.0.0.201904181610/tools/bin/../lib/gcc/arm-none-eabi/7.3.1/../../../../arm-none-eabi/lib/thumb/v7e-m/fpv4-sp/hard/libc_nano.a
LOAD /Applications/STM32CubeIDE.app/Contents/Eclipse/plugins/com.st.stm32cube.ide.mcu.externaltools.gnu-tools-for-stm32.7-2018-q2-update.macos64_1.0.0.201904181610/tools/bin/../lib/gcc/arm-none-eabi/7.3.1/../../../../arm-none-eabi/lib/thumb/v7e-m/fpv4-sp/hard/libnosys.a
END GROUP
LOAD /Applications/STM32CubeIDE.app/Contents/Eclipse/plugins/com.st.stm32cube.ide.mcu.externaltools.gnu-tools-for-stm32.7-2018-q2-update.macos64_1.0.0.201904181610/tools/bin/../lib/gcc/arm-none-eabi/7.3.1/thumb/v7e-m/fpv4-sp/hard/crtend.o
LOAD /Applications/STM32CubeIDE.app/Contents/Eclipse/plugins/com.st.stm32cube.ide.mcu.externaltools.gnu-tools-for-stm32.7-2018-q2-update.macos64_1.0.0.201904181610/tools/bin/../lib/gcc/arm-none-eabi/7.3.1/thumb/v7e-m/fpv4-sp/hard/crtn.o
                0x0000000020050000                _estack = (ORIGIN (RAM) + LENGTH (RAM))
                0x0000000000000200                _Min_Heap_Size = 0x200
                0x0000000000000400                _Min_Stack_Size = 0x400

.isr_vector     0x0000000008000000      0x1c8
                0x0000000008000000                . = ALIGN (0x4)
 *(.isr_vector)
 .isr_vector    0x0000000008000000      0x1c8 Core/Startup/startup_stm32f746zgtx.o
                0x0000000008000000                g_pfnVectors
                0x00000000080001c8                . = ALIGN (0x4)

.text           0x00000000080001c8     0x3594
                0x00000000080001c8                . = ALIGN (0x4)
 *(.text)
 .text          0x00000000080001c8       0x40 /Applications/STM32CubeIDE.app/Contents/Eclipse/plugins/com.st.stm32cube.ide.mcu.externaltools.gnu-tools-for-stm32.7-2018-q2-update.macos64_1.0.0.201904181610/tools/bin/../lib/gcc/arm-none-eabi/7.3.1/thumb/v7e-m/fpv4-sp/hard/crtbegin.o
 .text          0x0000000008000208       0x30 /Applications/STM32CubeIDE.app/Contents/Eclipse/plugins/com.st.stm32cube.ide.mcu.externaltools.gnu-tools-for-stm32.7-2018-q2-update.macos64_1.0.0.201904181610/tools/bin/../lib/gcc/arm-none-eabi/7.3.1/thumb/v7e-m/fpv4-sp/hard/libgcc.a(_aeabi_uldivmod.o)
                0x0000000008000208                __aeabi_uldivmod
 .text          0x0000000008000238      0x2cc /Applications/STM32CubeIDE.app/Contents/Eclipse/plugins/com.st.stm32cube.ide.mcu.externaltools.gnu-tools-for-stm32.7-2018-q2-update.macos64_1.0.0.201904181610/tools/bin/../lib/gcc/arm-none-eabi/7.3.1/thumb/v7e-m/fpv4-sp/hard/libgcc.a(_udivmoddi4.o)
                0x0000000008000238                __udivmoddi4
 .text          0x0000000008000504        0x4 /Applications/STM32CubeIDE.app/Contents/Eclipse/plugins/com.st.stm32cube.ide.mcu.externaltools.gnu-tools-for-stm32.7-2018-q2-update.macos64_1.0.0.201904181610/tools/bin/../lib/gcc/arm-none-eabi/7.3.1/thumb/v7e-m/fpv4-sp/hard/libgcc.a(_dvmd_tls.o)
                0x0000000008000504                __aeabi_ldiv0
                0x0000000008000504                __aeabi_idiv0
 *(.text*)
 .text.main     0x0000000008000508       0x78 Core/Src/main.o
                0x0000000008000508                main
 .text.SystemClock_Config
                0x0000000008000580      0x118 Core/Src/main.o
                0x0000000008000580                SystemClock_Config
 .text.MX_ADC1_Init
                0x0000000008000698       0xa4 Core/Src/main.o
 .text.MX_USB_OTG_FS_PCD_Init
                0x000000000800073c       0x5c Core/Src/main.o
 .text.MX_DMA_Init
                0x0000000008000798       0x94 Core/Src/main.o
 .text.MX_GPIO_Init
                0x000000000800082c      0x280 Core/Src/main.o
 .text.Error_Handler
                0x0000000008000aac        0xe Core/Src/main.o
                0x0000000008000aac                Error_Handler
 *fill*         0x0000000008000aba        0x2 
 .text.HAL_MspInit
                0x0000000008000abc       0x48 Core/Src/stm32f7xx_hal_msp.o
                0x0000000008000abc                HAL_MspInit
 .text.HAL_ADC_MspInit
                0x0000000008000b04       0x80 Core/Src/stm32f7xx_hal_msp.o
                0x0000000008000b04                HAL_ADC_MspInit
 .text.HAL_PCD_MspInit
                0x0000000008000b84       0x9c Core/Src/stm32f7xx_hal_msp.o
                0x0000000008000b84                HAL_PCD_MspInit
 .text.NMI_Handler
                0x0000000008000c20        0xe Core/Src/stm32f7xx_it.o
                0x0000000008000c20                NMI_Handler
 .text.HardFault_Handler
                0x0000000008000c2e        0x6 Core/Src/stm32f7xx_it.o
                0x0000000008000c2e                HardFault_Handler
 .text.MemManage_Handler
                0x0000000008000c34        0x6 Core/Src/stm32f7xx_it.o
                0x0000000008000c34                MemManage_Handler
 .text.BusFault_Handler
                0x0000000008000c3a        0x6 Core/Src/stm32f7xx_it.o
                0x0000000008000c3a                BusFault_Handler
 .text.UsageFault_Handler
                0x0000000008000c40        0x6 Core/Src/stm32f7xx_it.o
                0x0000000008000c40                UsageFault_Handler
 .text.SVC_Handler
                0x0000000008000c46        0xe Core/Src/stm32f7xx_it.o
                0x0000000008000c46                SVC_Handler
 .text.DebugMon_Handler
                0x0000000008000c54        0xe Core/Src/stm32f7xx_it.o
                0x0000000008000c54                DebugMon_Handler
 .text.PendSV_Handler
                0x0000000008000c62        0xe Core/Src/stm32f7xx_it.o
                0x0000000008000c62                PendSV_Handler
 .text.SysTick_Handler
                0x0000000008000c70        0xc Core/Src/stm32f7xx_it.o
                0x0000000008000c70                SysTick_Handler
 .text.SystemInit
                0x0000000008000c7c       0x6c Core/Src/system_stm32f7xx.o
                0x0000000008000c7c                SystemInit
 .text.Reset_Handler
                0x0000000008000ce8       0x50 Core/Startup/startup_stm32f746zgtx.o
                0x0000000008000ce8                Reset_Handler
 .text.Default_Handler
                0x0000000008000d38        0x2 Core/Startup/startup_stm32f746zgtx.o
                0x0000000008000d38                DMA1_Stream3_IRQHandler
                0x0000000008000d38                EXTI2_IRQHandler
                0x0000000008000d38                TIM8_CC_IRQHandler
                0x0000000008000d38                UART8_IRQHandler
                0x0000000008000d38                SPI4_IRQHandler
                0x0000000008000d38                TIM1_CC_IRQHandler
                0x0000000008000d38                DMA2_Stream5_IRQHandler
                0x0000000008000d38                DMA1_Stream5_IRQHandler
                0x0000000008000d38                PVD_IRQHandler
                0x0000000008000d38                TAMP_STAMP_IRQHandler
                0x0000000008000d38                CAN2_RX1_IRQHandler
                0x0000000008000d38                EXTI3_IRQHandler
                0x0000000008000d38                TIM8_TRG_COM_TIM14_IRQHandler
                0x0000000008000d38                TIM1_UP_TIM10_IRQHandler
                0x0000000008000d38                TIM8_UP_TIM13_IRQHandler
                0x0000000008000d38                I2C3_ER_IRQHandler
                0x0000000008000d38                EXTI0_IRQHandler
                0x0000000008000d38                I2C2_EV_IRQHandler
                0x0000000008000d38                DMA1_Stream2_IRQHandler
                0x0000000008000d38                CAN1_RX0_IRQHandler
                0x0000000008000d38                FPU_IRQHandler
                0x0000000008000d38                OTG_HS_WKUP_IRQHandler
                0x0000000008000d38                LTDC_ER_IRQHandler
                0x0000000008000d38                CAN2_SCE_IRQHandler
                0x0000000008000d38                DMA2_Stream2_IRQHandler
                0x0000000008000d38                SPI1_IRQHandler
                0x0000000008000d38                TIM6_DAC_IRQHandler
                0x0000000008000d38                TIM1_BRK_TIM9_IRQHandler
                0x0000000008000d38                DCMI_IRQHandler
                0x0000000008000d38                CAN2_RX0_IRQHandler
                0x0000000008000d38                DMA2_Stream3_IRQHandler
                0x0000000008000d38                SAI2_IRQHandler
                0x0000000008000d38                USART6_IRQHandler
                0x0000000008000d38                USART3_IRQHandler
                0x0000000008000d38                CAN1_RX1_IRQHandler
                0x0000000008000d38                UART5_IRQHandler
                0x0000000008000d38                DMA2_Stream0_IRQHandler
                0x0000000008000d38                TIM4_IRQHandler
                0x0000000008000d38                QUADSPI_IRQHandler
                0x0000000008000d38                I2C1_EV_IRQHandler
                0x0000000008000d38                DMA1_Stream6_IRQHandler
                0x0000000008000d38                DMA1_Stream1_IRQHandler
                0x0000000008000d38                UART4_IRQHandler
                0x0000000008000d38                TIM3_IRQHandler
                0x0000000008000d38                RCC_IRQHandler
                0x0000000008000d38                TIM8_BRK_TIM12_IRQHandler
                0x0000000008000d38                Default_Handler
                0x0000000008000d38                CEC_IRQHandler
                0x0000000008000d38                EXTI15_10_IRQHandler
                0x0000000008000d38                ADC_IRQHandler
                0x0000000008000d38                DMA1_Stream7_IRQHandler
                0x0000000008000d38                SPI5_IRQHandler
                0x0000000008000d38                TIM7_IRQHandler
                0x0000000008000d38                SDMMC1_IRQHandler
                0x0000000008000d38                CAN2_TX_IRQHandler
                0x0000000008000d38                TIM5_IRQHandler
                0x0000000008000d38                DMA2_Stream7_IRQHandler
                0x0000000008000d38                I2C3_EV_IRQHandler
                0x0000000008000d38                EXTI9_5_IRQHandler
                0x0000000008000d38                RTC_WKUP_IRQHandler
                0x0000000008000d38                LTDC_IRQHandler
                0x0000000008000d38                ETH_WKUP_IRQHandler
                0x0000000008000d38                SPDIF_RX_IRQHandler
                0x0000000008000d38                SPI2_IRQHandler
                0x0000000008000d38                OTG_HS_EP1_IN_IRQHandler
                0x0000000008000d38                DMA1_Stream0_IRQHandler
                0x0000000008000d38                CAN1_TX_IRQHandler
                0x0000000008000d38                EXTI4_IRQHandler
                0x0000000008000d38                RNG_IRQHandler
                0x0000000008000d38                ETH_IRQHandler
                0x0000000008000d38                OTG_HS_EP1_OUT_IRQHandler
                0x0000000008000d38                WWDG_IRQHandler
                0x0000000008000d38                SPI6_IRQHandler
                0x0000000008000d38                I2C4_EV_IRQHandler
                0x0000000008000d38                TIM2_IRQHandler
                0x0000000008000d38                OTG_FS_WKUP_IRQHandler
                0x0000000008000d38                TIM1_TRG_COM_TIM11_IRQHandler
                0x0000000008000d38                OTG_HS_IRQHandler
                0x0000000008000d38                DMA2D_IRQHandler
                0x0000000008000d38                EXTI1_IRQHandler
                0x0000000008000d38                UART7_IRQHandler
                0x0000000008000d38                USART2_IRQHandler
                0x0000000008000d38                I2C2_ER_IRQHandler
                0x0000000008000d38                DMA2_Stream1_IRQHandler
                0x0000000008000d38                CAN1_SCE_IRQHandler
                0x0000000008000d38                FLASH_IRQHandler
                0x0000000008000d38                DMA2_Stream4_IRQHandler
                0x0000000008000d38                USART1_IRQHandler
                0x0000000008000d38                OTG_FS_IRQHandler
                0x0000000008000d38                SPI3_IRQHandler
                0x0000000008000d38                DMA1_Stream4_IRQHandler
                0x0000000008000d38                I2C1_ER_IRQHandler
                0x0000000008000d38                FMC_IRQHandler
                0x0000000008000d38                LPTIM1_IRQHandler
                0x0000000008000d38                I2C4_ER_IRQHandler
                0x0000000008000d38                DMA2_Stream6_IRQHandler
                0x0000000008000d38                SAI1_IRQHandler
                0x0000000008000d38                RTC_Alarm_IRQHandler
 .text.HAL_Init
                0x0000000008000d3a       0x1a Drivers/STM32F7xx_HAL_Driver/Src/stm32f7xx_hal.o
                0x0000000008000d3a                HAL_Init
 .text.HAL_InitTick
                0x0000000008000d54       0x60 Drivers/STM32F7xx_HAL_Driver/Src/stm32f7xx_hal.o
                0x0000000008000d54                HAL_InitTick
 .text.HAL_IncTick
                0x0000000008000db4       0x28 Drivers/STM32F7xx_HAL_Driver/Src/stm32f7xx_hal.o
                0x0000000008000db4                HAL_IncTick
 .text.HAL_GetTick
                0x0000000008000ddc       0x18 Drivers/STM32F7xx_HAL_Driver/Src/stm32f7xx_hal.o
                0x0000000008000ddc                HAL_GetTick
 .text.HAL_Delay
                0x0000000008000df4       0x44 Drivers/STM32F7xx_HAL_Driver/Src/stm32f7xx_hal.o
                0x0000000008000df4                HAL_Delay
 .text.HAL_ADC_Init
                0x0000000008000e38       0x88 Drivers/STM32F7xx_HAL_Driver/Src/stm32f7xx_hal_adc.o
                0x0000000008000e38                HAL_ADC_Init
 .text.HAL_ADC_ConfigChannel
                0x0000000008000ec0      0x268 Drivers/STM32F7xx_HAL_Driver/Src/stm32f7xx_hal_adc.o
                0x0000000008000ec0                HAL_ADC_ConfigChannel
 .text.ADC_Init
                0x0000000008001128      0x1f4 Drivers/STM32F7xx_HAL_Driver/Src/stm32f7xx_hal_adc.o
 .text.__NVIC_SetPriorityGrouping
                0x000000000800131c       0x48 Drivers/STM32F7xx_HAL_Driver/Src/stm32f7xx_hal_cortex.o
 .text.__NVIC_GetPriorityGrouping
                0x0000000008001364       0x1c Drivers/STM32F7xx_HAL_Driver/Src/stm32f7xx_hal_cortex.o
 .text.__NVIC_SetPriority
                0x0000000008001380       0x54 Drivers/STM32F7xx_HAL_Driver/Src/stm32f7xx_hal_cortex.o
 .text.NVIC_EncodePriority
                0x00000000080013d4       0x66 Drivers/STM32F7xx_HAL_Driver/Src/stm32f7xx_hal_cortex.o
 *fill*         0x000000000800143a        0x2 
 .text.SysTick_Config
                0x000000000800143c       0x44 Drivers/STM32F7xx_HAL_Driver/Src/stm32f7xx_hal_cortex.o
 .text.HAL_NVIC_SetPriorityGrouping
                0x0000000008001480       0x16 Drivers/STM32F7xx_HAL_Driver/Src/stm32f7xx_hal_cortex.o
                0x0000000008001480                HAL_NVIC_SetPriorityGrouping
 .text.HAL_NVIC_SetPriority
                0x0000000008001496       0x38 Drivers/STM32F7xx_HAL_Driver/Src/stm32f7xx_hal_cortex.o
                0x0000000008001496                HAL_NVIC_SetPriority
 .text.HAL_SYSTICK_Config
                0x00000000080014ce       0x18 Drivers/STM32F7xx_HAL_Driver/Src/stm32f7xx_hal_cortex.o
                0x00000000080014ce                HAL_SYSTICK_Config
 *fill*         0x00000000080014e6        0x2 
 .text.HAL_DMA_Init
                0x00000000080014e8      0x15c Drivers/STM32F7xx_HAL_Driver/Src/stm32f7xx_hal_dma.o
                0x00000000080014e8                HAL_DMA_Init
 .text.HAL_DMA_Start
                0x0000000008001644       0x76 Drivers/STM32F7xx_HAL_Driver/Src/stm32f7xx_hal_dma.o
                0x0000000008001644                HAL_DMA_Start
 .text.HAL_DMA_Abort
                0x00000000080016ba       0xe0 Drivers/STM32F7xx_HAL_Driver/Src/stm32f7xx_hal_dma.o
                0x00000000080016ba                HAL_DMA_Abort
 .text.HAL_DMA_PollForTransfer
                0x000000000800179a      0x1be Drivers/STM32F7xx_HAL_Driver/Src/stm32f7xx_hal_dma.o
                0x000000000800179a                HAL_DMA_PollForTransfer
 .text.DMA_SetConfig
                0x0000000008001958       0x5c Drivers/STM32F7xx_HAL_Driver/Src/stm32f7xx_hal_dma.o
 .text.DMA_CalcBaseAndBitshift
                0x00000000080019b4       0x6c Drivers/STM32F7xx_HAL_Driver/Src/stm32f7xx_hal_dma.o
 .text.DMA_CheckFifoParam
                0x0000000008001a20       0xf4 Drivers/STM32F7xx_HAL_Driver/Src/stm32f7xx_hal_dma.o
 .text.HAL_GPIO_Init
                0x0000000008001b14      0x354 Drivers/STM32F7xx_HAL_Driver/Src/stm32f7xx_hal_gpio.o
                0x0000000008001b14                HAL_GPIO_Init
 .text.HAL_GPIO_WritePin
                0x0000000008001e68       0x32 Drivers/STM32F7xx_HAL_Driver/Src/stm32f7xx_hal_gpio.o
                0x0000000008001e68                HAL_GPIO_WritePin
 .text.HAL_PCD_Init
                0x0000000008001e9a      0x230 Drivers/STM32F7xx_HAL_Driver/Src/stm32f7xx_hal_pcd.o
                0x0000000008001e9a                HAL_PCD_Init
 *fill*         0x00000000080020ca        0x2 
 .text.HAL_PCDEx_ActivateLPM
                0x00000000080020cc       0x48 Drivers/STM32F7xx_HAL_Driver/Src/stm32f7xx_hal_pcd_ex.o
                0x00000000080020cc                HAL_PCDEx_ActivateLPM
 .text.HAL_PWR_EnableBkUpAccess
                0x0000000008002114       0x20 Drivers/STM32F7xx_HAL_Driver/Src/stm32f7xx_hal_pwr.o
                0x0000000008002114                HAL_PWR_EnableBkUpAccess
 .text.HAL_RCC_OscConfig
                0x0000000008002134      0x4e0 Drivers/STM32F7xx_HAL_Driver/Src/stm32f7xx_hal_rcc.o
                0x0000000008002134                HAL_RCC_OscConfig
 .text.HAL_RCC_ClockConfig
                0x0000000008002614      0x1d0 Drivers/STM32F7xx_HAL_Driver/Src/stm32f7xx_hal_rcc.o
                0x0000000008002614                HAL_RCC_ClockConfig
 .text.HAL_RCC_GetSysClockFreq
                0x00000000080027e4      0x1b0 Drivers/STM32F7xx_HAL_Driver/Src/stm32f7xx_hal_rcc.o
                0x00000000080027e4                HAL_RCC_GetSysClockFreq
 .text.HAL_RCCEx_PeriphCLKConfig
                0x0000000008002994      0x7dc Drivers/STM32F7xx_HAL_Driver/Src/stm32f7xx_hal_rcc_ex.o
                0x0000000008002994                HAL_RCCEx_PeriphCLKConfig
 .text.USB_CoreInit
                0x0000000008003170       0xb0 Drivers/STM32F7xx_HAL_Driver/Src/stm32f7xx_ll_usb.o
                0x0000000008003170                USB_CoreInit
 .text.USB_DisableGlobalInt
                0x0000000008003220       0x22 Drivers/STM32F7xx_HAL_Driver/Src/stm32f7xx_ll_usb.o
                0x0000000008003220                USB_DisableGlobalInt
 .text.USB_SetCurrentMode
                0x0000000008003242       0x54 Drivers/STM32F7xx_HAL_Driver/Src/stm32f7xx_ll_usb.o
                0x0000000008003242                USB_SetCurrentMode
 *fill*         0x0000000008003296        0x2 
 .text.USB_DevInit
                0x0000000008003298      0x2f8 Drivers/STM32F7xx_HAL_Driver/Src/stm32f7xx_ll_usb.o
                0x0000000008003298                USB_DevInit
 .text.USB_FlushTxFifo
                0x0000000008003590       0x4c Drivers/STM32F7xx_HAL_Driver/Src/stm32f7xx_ll_usb.o
                0x0000000008003590                USB_FlushTxFifo
 .text.USB_FlushRxFifo
                0x00000000080035dc       0x44 Drivers/STM32F7xx_HAL_Driver/Src/stm32f7xx_ll_usb.o
                0x00000000080035dc                USB_FlushRxFifo
 .text.USB_SetDevSpeed
                0x0000000008003620       0x32 Drivers/STM32F7xx_HAL_Driver/Src/stm32f7xx_ll_usb.o
                0x0000000008003620                USB_SetDevSpeed
 .text.USB_DevDisconnect
                0x0000000008003652       0x30 Drivers/STM32F7xx_HAL_Driver/Src/stm32f7xx_ll_usb.o
                0x0000000008003652                USB_DevDisconnect
 *fill*         0x0000000008003682        0x2 
 .text.USB_CoreReset
                0x0000000008003684       0x68 Drivers/STM32F7xx_HAL_Driver/Src/stm32f7xx_ll_usb.o
 .text.__libc_init_array
                0x00000000080036ec       0x48 /Applications/STM32CubeIDE.app/Contents/Eclipse/plugins/com.st.stm32cube.ide.mcu.externaltools.gnu-tools-for-stm32.7-2018-q2-update.macos64_1.0.0.201904181610/tools/bin/../lib/gcc/arm-none-eabi/7.3.1/../../../../arm-none-eabi/lib/thumb/v7e-m/fpv4-sp/hard/libc_nano.a(lib_a-init.o)
                0x00000000080036ec                __libc_init_array
 .text.memset   0x0000000008003734       0x10 /Applications/STM32CubeIDE.app/Contents/Eclipse/plugins/com.st.stm32cube.ide.mcu.externaltools.gnu-tools-for-stm32.7-2018-q2-update.macos64_1.0.0.201904181610/tools/bin/../lib/gcc/arm-none-eabi/7.3.1/../../../../arm-none-eabi/lib/thumb/v7e-m/fpv4-sp/hard/libc_nano.a(lib_a-memset.o)
                0x0000000008003734                memset
 *(.glue_7)
 .glue_7        0x0000000008003744        0x0 linker stubs
 *(.glue_7t)
 .glue_7t       0x0000000008003744        0x0 linker stubs
 *(.eh_frame)
 .eh_frame      0x0000000008003744        0x0 /Applications/STM32CubeIDE.app/Contents/Eclipse/plugins/com.st.stm32cube.ide.mcu.externaltools.gnu-tools-for-stm32.7-2018-q2-update.macos64_1.0.0.201904181610/tools/bin/../lib/gcc/arm-none-eabi/7.3.1/thumb/v7e-m/fpv4-sp/hard/crtbegin.o
 *(.init)
 .init          0x0000000008003744        0x4 /Applications/STM32CubeIDE.app/Contents/Eclipse/plugins/com.st.stm32cube.ide.mcu.externaltools.gnu-tools-for-stm32.7-2018-q2-update.macos64_1.0.0.201904181610/tools/bin/../lib/gcc/arm-none-eabi/7.3.1/thumb/v7e-m/fpv4-sp/hard/crti.o
                0x0000000008003744                _init
 .init          0x0000000008003748        0x8 /Applications/STM32CubeIDE.app/Contents/Eclipse/plugins/com.st.stm32cube.ide.mcu.externaltools.gnu-tools-for-stm32.7-2018-q2-update.macos64_1.0.0.201904181610/tools/bin/../lib/gcc/arm-none-eabi/7.3.1/thumb/v7e-m/fpv4-sp/hard/crtn.o
 *(.fini)
 .fini          0x0000000008003750        0x4 /Applications/STM32CubeIDE.app/Contents/Eclipse/plugins/com.st.stm32cube.ide.mcu.externaltools.gnu-tools-for-stm32.7-2018-q2-update.macos64_1.0.0.201904181610/tools/bin/../lib/gcc/arm-none-eabi/7.3.1/thumb/v7e-m/fpv4-sp/hard/crti.o
                0x0000000008003750                _fini
 .fini          0x0000000008003754        0x8 /Applications/STM32CubeIDE.app/Contents/Eclipse/plugins/com.st.stm32cube.ide.mcu.externaltools.gnu-tools-for-stm32.7-2018-q2-update.macos64_1.0.0.201904181610/tools/bin/../lib/gcc/arm-none-eabi/7.3.1/thumb/v7e-m/fpv4-sp/hard/crtn.o
                0x000000000800375c                . = ALIGN (0x4)
                0x000000000800375c                _etext = .

.vfp11_veneer   0x000000000800375c        0x0
 .vfp11_veneer  0x000000000800375c        0x0 linker stubs

.v4_bx          0x000000000800375c        0x0
 .v4_bx         0x000000000800375c        0x0 linker stubs

.iplt           0x000000000800375c        0x0
 .iplt          0x000000000800375c        0x0 /Applications/STM32CubeIDE.app/Contents/Eclipse/plugins/com.st.stm32cube.ide.mcu.externaltools.gnu-tools-for-stm32.7-2018-q2-update.macos64_1.0.0.201904181610/tools/bin/../lib/gcc/arm-none-eabi/7.3.1/thumb/v7e-m/fpv4-sp/hard/crtbegin.o

.rodata         0x000000000800375c       0x18
                0x000000000800375c                . = ALIGN (0x4)
 *(.rodata)
 *(.rodata*)
 .rodata.AHBPrescTable
                0x000000000800375c       0x10 Core/Src/system_stm32f7xx.o
                0x000000000800375c                AHBPrescTable
 .rodata.flagBitshiftOffset.8570
                0x000000000800376c        0x8 Drivers/STM32F7xx_HAL_Driver/Src/stm32f7xx_hal_dma.o
                0x0000000008003774                . = ALIGN (0x4)

.ARM.extab      0x0000000008003774        0x0
                0x0000000008003774                . = ALIGN (0x4)
 *(.ARM.extab* .gnu.linkonce.armextab.*)
                0x0000000008003774                . = ALIGN (0x4)

.ARM            0x0000000008003774        0x8
                0x0000000008003774                . = ALIGN (0x4)
                0x0000000008003774                __exidx_start = .
 *(.ARM.exidx*)
 .ARM.exidx     0x0000000008003774        0x8 /Applications/STM32CubeIDE.app/Contents/Eclipse/plugins/com.st.stm32cube.ide.mcu.externaltools.gnu-tools-for-stm32.7-2018-q2-update.macos64_1.0.0.201904181610/tools/bin/../lib/gcc/arm-none-eabi/7.3.1/thumb/v7e-m/fpv4-sp/hard/libgcc.a(_udivmoddi4.o)
                0x000000000800377c                __exidx_end = .
                0x000000000800377c                . = ALIGN (0x4)

.rel.dyn        0x000000000800377c        0x0
 .rel.iplt      0x000000000800377c        0x0 /Applications/STM32CubeIDE.app/Contents/Eclipse/plugins/com.st.stm32cube.ide.mcu.externaltools.gnu-tools-for-stm32.7-2018-q2-update.macos64_1.0.0.201904181610/tools/bin/../lib/gcc/arm-none-eabi/7.3.1/thumb/v7e-m/fpv4-sp/hard/crtbegin.o

.preinit_array  0x000000000800377c        0x0
                0x000000000800377c                . = ALIGN (0x4)
                0x000000000800377c                PROVIDE (__preinit_array_start = .)
 *(.preinit_array*)
                0x000000000800377c                PROVIDE (__preinit_array_end = .)
                0x000000000800377c                . = ALIGN (0x4)

.init_array     0x000000000800377c        0x4
                0x000000000800377c                . = ALIGN (0x4)
                0x000000000800377c                PROVIDE (__init_array_start = .)
 *(SORT_BY_NAME(.init_array.*))
 *(.init_array*)
 .init_array    0x000000000800377c        0x4 /Applications/STM32CubeIDE.app/Contents/Eclipse/plugins/com.st.stm32cube.ide.mcu.externaltools.gnu-tools-for-stm32.7-2018-q2-update.macos64_1.0.0.201904181610/tools/bin/../lib/gcc/arm-none-eabi/7.3.1/thumb/v7e-m/fpv4-sp/hard/crtbegin.o
                0x0000000008003780                PROVIDE (__init_array_end = .)
                0x0000000008003780                . = ALIGN (0x4)

.fini_array     0x0000000008003780        0x4
                0x0000000008003780                . = ALIGN (0x4)
                [!provide]                        PROVIDE (__fini_array_start = .)
 *(SORT_BY_NAME(.fini_array.*))
 *(.fini_array*)
 .fini_array    0x0000000008003780        0x4 /Applications/STM32CubeIDE.app/Contents/Eclipse/plugins/com.st.stm32cube.ide.mcu.externaltools.gnu-tools-for-stm32.7-2018-q2-update.macos64_1.0.0.201904181610/tools/bin/../lib/gcc/arm-none-eabi/7.3.1/thumb/v7e-m/fpv4-sp/hard/crtbegin.o
                [!provide]                        PROVIDE (__fini_array_end = .)
                0x0000000008003784                . = ALIGN (0x4)
                0x0000000008003784                _sidata = LOADADDR (.data)

.data           0x0000000020000000       0x10 load address 0x0000000008003784
                0x0000000020000000                . = ALIGN (0x4)
                0x0000000020000000                _sdata = .
 *(.data)
 *(.data*)
 .data.ledData  0x0000000020000000        0x2 Core/Src/main.o
                0x0000000020000000                ledData
 *fill*         0x0000000020000002        0x2 
 .data.SystemCoreClock
                0x0000000020000004        0x4 Core/Src/system_stm32f7xx.o
                0x0000000020000004                SystemCoreClock
 .data.uwTickPrio
                0x0000000020000008        0x4 Drivers/STM32F7xx_HAL_Driver/Src/stm32f7xx_hal.o
                0x0000000020000008                uwTickPrio
 .data.uwTickFreq
                0x000000002000000c        0x1 Drivers/STM32F7xx_HAL_Driver/Src/stm32f7xx_hal.o
                0x000000002000000c                uwTickFreq
                0x0000000020000010                . = ALIGN (0x4)
 *fill*         0x000000002000000d        0x3 
                0x0000000020000010                _edata = .

.igot.plt       0x0000000020000010        0x0 load address 0x0000000008003794
 .igot.plt      0x0000000020000010        0x0 /Applications/STM32CubeIDE.app/Contents/Eclipse/plugins/com.st.stm32cube.ide.mcu.externaltools.gnu-tools-for-stm32.7-2018-q2-update.macos64_1.0.0.201904181610/tools/bin/../lib/gcc/arm-none-eabi/7.3.1/thumb/v7e-m/fpv4-sp/hard/crtbegin.o
                0x0000000020000010                . = ALIGN (0x4)

.bss            0x0000000020000010      0x4cc load address 0x0000000008003794
                0x0000000020000010                _sbss = .
                0x0000000020000010                __bss_start__ = _sbss
 *(.bss)
 .bss           0x0000000020000010       0x1c /Applications/STM32CubeIDE.app/Contents/Eclipse/plugins/com.st.stm32cube.ide.mcu.externaltools.gnu-tools-for-stm32.7-2018-q2-update.macos64_1.0.0.201904181610/tools/bin/../lib/gcc/arm-none-eabi/7.3.1/thumb/v7e-m/fpv4-sp/hard/crtbegin.o
 *(.bss*)
 *(COMMON)
 COMMON         0x000000002000002c      0x4ac Core/Src/main.o
                0x000000002000002c                hdma_memtomem_dma2_stream0
                0x000000002000008c                hpcd_USB_OTG_FS
                0x0000000020000490                hadc1
 COMMON         0x00000000200004d8        0x4 Drivers/STM32F7xx_HAL_Driver/Src/stm32f7xx_hal.o
                0x00000000200004d8                uwTick
                0x00000000200004dc                . = ALIGN (0x4)
                0x00000000200004dc                _ebss = .
                0x00000000200004dc                __bss_end__ = _ebss

._user_heap_stack
                0x00000000200004dc      0x604 load address 0x0000000008003794
                0x00000000200004e0                . = ALIGN (0x8)
 *fill*         0x00000000200004dc        0x4 
                0x00000000200004e0                PROVIDE (end = .)
                [!provide]                        PROVIDE (_end = .)
                0x00000000200006e0                . = (. + _Min_Heap_Size)
 *fill*         0x00000000200004e0      0x200 
                0x0000000020000ae0                . = (. + _Min_Stack_Size)
 *fill*         0x00000000200006e0      0x400 
                0x0000000020000ae0                . = ALIGN (0x8)

/DISCARD/
 libc.a(*)
 libm.a(*)
 libgcc.a(*)

.ARM.attributes
                0x0000000000000000       0x30
 *(.ARM.attributes)
 .ARM.attributes
                0x0000000000000000       0x22 /Applications/STM32CubeIDE.app/Contents/Eclipse/plugins/com.st.stm32cube.ide.mcu.externaltools.gnu-tools-for-stm32.7-2018-q2-update.macos64_1.0.0.201904181610/tools/bin/../lib/gcc/arm-none-eabi/7.3.1/thumb/v7e-m/fpv4-sp/hard/crti.o
 .ARM.attributes
                0x0000000000000022       0x34 /Applications/STM32CubeIDE.app/Contents/Eclipse/plugins/com.st.stm32cube.ide.mcu.externaltools.gnu-tools-for-stm32.7-2018-q2-update.macos64_1.0.0.201904181610/tools/bin/../lib/gcc/arm-none-eabi/7.3.1/thumb/v7e-m/fpv4-sp/hard/crtbegin.o
 .ARM.attributes
                0x0000000000000056       0x39 Core/Src/main.o
 .ARM.attributes
                0x000000000000008f       0x39 Core/Src/stm32f7xx_hal_msp.o
 .ARM.attributes
                0x00000000000000c8       0x39 Core/Src/stm32f7xx_it.o
 .ARM.attributes
                0x0000000000000101       0x39 Core/Src/system_stm32f7xx.o
 .ARM.attributes
                0x000000000000013a       0x21 Core/Startup/startup_stm32f746zgtx.o
 .ARM.attributes
                0x000000000000015b       0x39 Drivers/STM32F7xx_HAL_Driver/Src/stm32f7xx_hal.o
 .ARM.attributes
                0x0000000000000194       0x39 Drivers/STM32F7xx_HAL_Driver/Src/stm32f7xx_hal_adc.o
 .ARM.attributes
                0x00000000000001cd       0x39 Drivers/STM32F7xx_HAL_Driver/Src/stm32f7xx_hal_cortex.o
 .ARM.attributes
                0x0000000000000206       0x39 Drivers/STM32F7xx_HAL_Driver/Src/stm32f7xx_hal_dma.o
 .ARM.attributes
                0x000000000000023f       0x39 Drivers/STM32F7xx_HAL_Driver/Src/stm32f7xx_hal_gpio.o
 .ARM.attributes
                0x0000000000000278       0x39 Drivers/STM32F7xx_HAL_Driver/Src/stm32f7xx_hal_pcd.o
 .ARM.attributes
                0x00000000000002b1       0x39 Drivers/STM32F7xx_HAL_Driver/Src/stm32f7xx_hal_pcd_ex.o
 .ARM.attributes
                0x00000000000002ea       0x39 Drivers/STM32F7xx_HAL_Driver/Src/stm32f7xx_hal_pwr.o
 .ARM.attributes
                0x0000000000000323       0x39 Drivers/STM32F7xx_HAL_Driver/Src/stm32f7xx_hal_rcc.o
 .ARM.attributes
                0x000000000000035c       0x39 Drivers/STM32F7xx_HAL_Driver/Src/stm32f7xx_hal_rcc_ex.o
 .ARM.attributes
                0x0000000000000395       0x39 Drivers/STM32F7xx_HAL_Driver/Src/stm32f7xx_ll_usb.o
 .ARM.attributes
                0x00000000000003ce       0x34 /Applications/STM32CubeIDE.app/Contents/Eclipse/plugins/com.st.stm32cube.ide.mcu.externaltools.gnu-tools-for-stm32.7-2018-q2-update.macos64_1.0.0.201904181610/tools/bin/../lib/gcc/arm-none-eabi/7.3.1/../../../../arm-none-eabi/lib/thumb/v7e-m/fpv4-sp/hard/libc_nano.a(lib_a-init.o)
 .ARM.attributes
                0x0000000000000402       0x34 /Applications/STM32CubeIDE.app/Contents/Eclipse/plugins/com.st.stm32cube.ide.mcu.externaltools.gnu-tools-for-stm32.7-2018-q2-update.macos64_1.0.0.201904181610/tools/bin/../lib/gcc/arm-none-eabi/7.3.1/../../../../arm-none-eabi/lib/thumb/v7e-m/fpv4-sp/hard/libc_nano.a(lib_a-memset.o)
 .ARM.attributes
                0x0000000000000436       0x22 /Applications/STM32CubeIDE.app/Contents/Eclipse/plugins/com.st.stm32cube.ide.mcu.externaltools.gnu-tools-for-stm32.7-2018-q2-update.macos64_1.0.0.201904181610/tools/bin/../lib/gcc/arm-none-eabi/7.3.1/thumb/v7e-m/fpv4-sp/hard/libgcc.a(_aeabi_uldivmod.o)
 .ARM.attributes
                0x0000000000000458       0x34 /Applications/STM32CubeIDE.app/Contents/Eclipse/plugins/com.st.stm32cube.ide.mcu.externaltools.gnu-tools-for-stm32.7-2018-q2-update.macos64_1.0.0.201904181610/tools/bin/../lib/gcc/arm-none-eabi/7.3.1/thumb/v7e-m/fpv4-sp/hard/libgcc.a(_udivmoddi4.o)
 .ARM.attributes
                0x000000000000048c       0x22 /Applications/STM32CubeIDE.app/Contents/Eclipse/plugins/com.st.stm32cube.ide.mcu.externaltools.gnu-tools-for-stm32.7-2018-q2-update.macos64_1.0.0.201904181610/tools/bin/../lib/gcc/arm-none-eabi/7.3.1/thumb/v7e-m/fpv4-sp/hard/libgcc.a(_dvmd_tls.o)
 .ARM.attributes
                0x00000000000004ae       0x22 /Applications/STM32CubeIDE.app/Contents/Eclipse/plugins/com.st.stm32cube.ide.mcu.externaltools.gnu-tools-for-stm32.7-2018-q2-update.macos64_1.0.0.201904181610/tools/bin/../lib/gcc/arm-none-eabi/7.3.1/thumb/v7e-m/fpv4-sp/hard/crtn.o
OUTPUT(DMA_Test.elf elf32-littlearm)

.debug_info     0x0000000000000000     0xb023
 .debug_info    0x0000000000000000     0x1345 Core/Src/main.o
 .debug_info    0x0000000000001345      0xea6 Core/Src/stm32f7xx_hal_msp.o
 .debug_info    0x00000000000021eb      0x20a Core/Src/stm32f7xx_it.o
 .debug_info    0x00000000000023f5      0x73d Core/Src/system_stm32f7xx.o
 .debug_info    0x0000000000002b32       0x22 Core/Startup/startup_stm32f746zgtx.o
 .debug_info    0x0000000000002b54      0x9c4 Drivers/STM32F7xx_HAL_Driver/Src/stm32f7xx_hal.o
 .debug_info    0x0000000000003518      0xc9d Drivers/STM32F7xx_HAL_Driver/Src/stm32f7xx_hal_adc.o
 .debug_info    0x00000000000041b5     0x104a Drivers/STM32F7xx_HAL_Driver/Src/stm32f7xx_hal_cortex.o
 .debug_info    0x00000000000051ff      0x968 Drivers/STM32F7xx_HAL_Driver/Src/stm32f7xx_hal_dma.o
 .debug_info    0x0000000000005b67      0x7dc Drivers/STM32F7xx_HAL_Driver/Src/stm32f7xx_hal_gpio.o
 .debug_info    0x0000000000006343     0x1139 Drivers/STM32F7xx_HAL_Driver/Src/stm32f7xx_hal_pcd.o
 .debug_info    0x000000000000747c      0x810 Drivers/STM32F7xx_HAL_Driver/Src/stm32f7xx_hal_pcd_ex.o
 .debug_info    0x0000000000007c8c      0x9b4 Drivers/STM32F7xx_HAL_Driver/Src/stm32f7xx_hal_pwr.o
 .debug_info    0x0000000000008640      0x926 Drivers/STM32F7xx_HAL_Driver/Src/stm32f7xx_hal_rcc.o
 .debug_info    0x0000000000008f66      0x7ad Drivers/STM32F7xx_HAL_Driver/Src/stm32f7xx_hal_rcc_ex.o
 .debug_info    0x0000000000009713     0x1910 Drivers/STM32F7xx_HAL_Driver/Src/stm32f7xx_ll_usb.o

.debug_abbrev   0x0000000000000000     0x1ca3
 .debug_abbrev  0x0000000000000000      0x235 Core/Src/main.o
 .debug_abbrev  0x0000000000000235      0x1c4 Core/Src/stm32f7xx_hal_msp.o
 .debug_abbrev  0x00000000000003f9       0xc6 Core/Src/stm32f7xx_it.o
 .debug_abbrev  0x00000000000004bf      0x147 Core/Src/system_stm32f7xx.o
 .debug_abbrev  0x0000000000000606       0x12 Core/Startup/startup_stm32f746zgtx.o
 .debug_abbrev  0x0000000000000618      0x1c7 Drivers/STM32F7xx_HAL_Driver/Src/stm32f7xx_hal.o
 .debug_abbrev  0x00000000000007df      0x205 Drivers/STM32F7xx_HAL_Driver/Src/stm32f7xx_hal_adc.o
 .debug_abbrev  0x00000000000009e4      0x2fa Drivers/STM32F7xx_HAL_Driver/Src/stm32f7xx_hal_cortex.o
 .debug_abbrev  0x0000000000000cde      0x229 Drivers/STM32F7xx_HAL_Driver/Src/stm32f7xx_hal_dma.o
 .debug_abbrev  0x0000000000000f07      0x1c9 Drivers/STM32F7xx_HAL_Driver/Src/stm32f7xx_hal_gpio.o
 .debug_abbrev  0x00000000000010d0      0x257 Drivers/STM32F7xx_HAL_Driver/Src/stm32f7xx_hal_pcd.o
 .debug_abbrev  0x0000000000001327      0x1c0 Drivers/STM32F7xx_HAL_Driver/Src/stm32f7xx_hal_pcd_ex.o
 .debug_abbrev  0x00000000000014e7      0x1b6 Drivers/STM32F7xx_HAL_Driver/Src/stm32f7xx_hal_pwr.o
 .debug_abbrev  0x000000000000169d      0x21a Drivers/STM32F7xx_HAL_Driver/Src/stm32f7xx_hal_rcc.o
 .debug_abbrev  0x00000000000018b7      0x1ad Drivers/STM32F7xx_HAL_Driver/Src/stm32f7xx_hal_rcc_ex.o
 .debug_abbrev  0x0000000000001a64      0x23f Drivers/STM32F7xx_HAL_Driver/Src/stm32f7xx_ll_usb.o

.debug_aranges  0x0000000000000000      0x9b0
 .debug_aranges
                0x0000000000000000       0x50 Core/Src/main.o
 .debug_aranges
                0x0000000000000050       0x40 Core/Src/stm32f7xx_hal_msp.o
 .debug_aranges
                0x0000000000000090       0x60 Core/Src/stm32f7xx_it.o
 .debug_aranges
                0x00000000000000f0       0x28 Core/Src/system_stm32f7xx.o
 .debug_aranges
                0x0000000000000118       0x28 Core/Startup/startup_stm32f746zgtx.o
 .debug_aranges
                0x0000000000000140      0x100 Drivers/STM32F7xx_HAL_Driver/Src/stm32f7xx_hal.o
 .debug_aranges
                0x0000000000000240       0xe8 Drivers/STM32F7xx_HAL_Driver/Src/stm32f7xx_hal_adc.o
 .debug_aranges
                0x0000000000000328      0x118 Drivers/STM32F7xx_HAL_Driver/Src/stm32f7xx_hal_cortex.o
 .debug_aranges
                0x0000000000000440       0x90 Drivers/STM32F7xx_HAL_Driver/Src/stm32f7xx_hal_dma.o
 .debug_aranges
                0x00000000000004d0       0x58 Drivers/STM32F7xx_HAL_Driver/Src/stm32f7xx_hal_gpio.o
 .debug_aranges
                0x0000000000000528      0x130 Drivers/STM32F7xx_HAL_Driver/Src/stm32f7xx_hal_pcd.o
 .debug_aranges
                0x0000000000000658       0x48 Drivers/STM32F7xx_HAL_Driver/Src/stm32f7xx_hal_pcd_ex.o
 .debug_aranges
                0x00000000000006a0       0xa0 Drivers/STM32F7xx_HAL_Driver/Src/stm32f7xx_hal_pwr.o
 .debug_aranges
                0x0000000000000740       0x88 Drivers/STM32F7xx_HAL_Driver/Src/stm32f7xx_hal_rcc.o
 .debug_aranges
                0x00000000000007c8       0x50 Drivers/STM32F7xx_HAL_Driver/Src/stm32f7xx_hal_rcc_ex.o
 .debug_aranges
                0x0000000000000818      0x198 Drivers/STM32F7xx_HAL_Driver/Src/stm32f7xx_ll_usb.o

.debug_ranges   0x0000000000000000      0x8b8
 .debug_ranges  0x0000000000000000       0x40 Core/Src/main.o
 .debug_ranges  0x0000000000000040       0x30 Core/Src/stm32f7xx_hal_msp.o
 .debug_ranges  0x0000000000000070       0x50 Core/Src/stm32f7xx_it.o
 .debug_ranges  0x00000000000000c0       0x18 Core/Src/system_stm32f7xx.o
 .debug_ranges  0x00000000000000d8       0x20 Core/Startup/startup_stm32f746zgtx.o
 .debug_ranges  0x00000000000000f8       0xf0 Drivers/STM32F7xx_HAL_Driver/Src/stm32f7xx_hal.o
 .debug_ranges  0x00000000000001e8       0xd8 Drivers/STM32F7xx_HAL_Driver/Src/stm32f7xx_hal_adc.o
 .debug_ranges  0x00000000000002c0      0x108 Drivers/STM32F7xx_HAL_Driver/Src/stm32f7xx_hal_cortex.o
 .debug_ranges  0x00000000000003c8       0x80 Drivers/STM32F7xx_HAL_Driver/Src/stm32f7xx_hal_dma.o
 .debug_ranges  0x0000000000000448       0x48 Drivers/STM32F7xx_HAL_Driver/Src/stm32f7xx_hal_gpio.o
 .debug_ranges  0x0000000000000490      0x120 Drivers/STM32F7xx_HAL_Driver/Src/stm32f7xx_hal_pcd.o
 .debug_ranges  0x00000000000005b0       0x38 Drivers/STM32F7xx_HAL_Driver/Src/stm32f7xx_hal_pcd_ex.o
 .debug_ranges  0x00000000000005e8       0x90 Drivers/STM32F7xx_HAL_Driver/Src/stm32f7xx_hal_pwr.o
 .debug_ranges  0x0000000000000678       0x78 Drivers/STM32F7xx_HAL_Driver/Src/stm32f7xx_hal_rcc.o
 .debug_ranges  0x00000000000006f0       0x40 Drivers/STM32F7xx_HAL_Driver/Src/stm32f7xx_hal_rcc_ex.o
 .debug_ranges  0x0000000000000730      0x188 Drivers/STM32F7xx_HAL_Driver/Src/stm32f7xx_ll_usb.o

.debug_macro    0x0000000000000000    0x24282
 .debug_macro   0x0000000000000000      0x20d Core/Src/main.o
 .debug_macro   0x000000000000020d      0xa5a Core/Src/main.o
 .debug_macro   0x0000000000000c67      0x189 Core/Src/main.o
 .debug_macro   0x0000000000000df0       0x2e Core/Src/main.o
 .debug_macro   0x0000000000000e1e       0x3b Core/Src/main.o
 .debug_macro   0x0000000000000e59       0x22 Core/Src/main.o
 .debug_macro   0x0000000000000e7b       0x8e Core/Src/main.o
 .debug_macro   0x0000000000000f09       0x51 Core/Src/main.o
 .debug_macro   0x0000000000000f5a       0xef Core/Src/main.o
 .debug_macro   0x0000000000001049       0x6a Core/Src/main.o
 .debug_macro   0x00000000000010b3      0x1df Core/Src/main.o
 .debug_macro   0x0000000000001292       0x1c Core/Src/main.o
 .debug_macro   0x00000000000012ae       0x22 Core/Src/main.o
 .debug_macro   0x00000000000012d0       0xdf Core/Src/main.o
 .debug_macro   0x00000000000013af     0x12cd Core/Src/main.o
 .debug_macro   0x000000000000267c      0x11f Core/Src/main.o
 .debug_macro   0x000000000000279b       0x19 Core/Src/main.o
 .debug_macro   0x00000000000027b4    0x1882d Core/Src/main.o
 .debug_macro   0x000000000001afe1       0x43 Core/Src/main.o
 .debug_macro   0x000000000001b024     0x363d Core/Src/main.o
 .debug_macro   0x000000000001e661      0x174 Core/Src/main.o
 .debug_macro   0x000000000001e7d5       0x61 Core/Src/main.o
 .debug_macro   0x000000000001e836     0x18ad Core/Src/main.o
 .debug_macro   0x00000000000200e3      0x6c4 Core/Src/main.o
 .debug_macro   0x00000000000207a7      0x103 Core/Src/main.o
 .debug_macro   0x00000000000208aa      0x117 Core/Src/main.o
 .debug_macro   0x00000000000209c1      0x1fe Core/Src/main.o
 .debug_macro   0x0000000000020bbf       0x27 Core/Src/main.o
 .debug_macro   0x0000000000020be6      0x24f Core/Src/main.o
 .debug_macro   0x0000000000020e35       0x41 Core/Src/main.o
 .debug_macro   0x0000000000020e76       0x58 Core/Src/main.o
 .debug_macro   0x0000000000020ece      0x236 Core/Src/main.o
 .debug_macro   0x0000000000021104      0x408 Core/Src/main.o
 .debug_macro   0x000000000002150c      0x161 Core/Src/main.o
 .debug_macro   0x000000000002166d      0x100 Core/Src/main.o
 .debug_macro   0x000000000002176d      0x14f Core/Src/main.o
 .debug_macro   0x00000000000218bc      0x25b Core/Src/main.o
 .debug_macro   0x0000000000021b17       0x12 Core/Src/main.o
 .debug_macro   0x0000000000021b29      0x22c Core/Src/main.o
 .debug_macro   0x0000000000021d55       0x5a Core/Src/main.o
 .debug_macro   0x0000000000021daf       0xa5 Core/Src/main.o
 .debug_macro   0x0000000000021e54      0x12f Core/Src/main.o
 .debug_macro   0x0000000000021f83      0x108 Core/Src/main.o
 .debug_macro   0x000000000002208b       0x35 Core/Src/main.o
 .debug_macro   0x00000000000220c0      0x217 Core/Src/main.o
 .debug_macro   0x00000000000222d7       0xe4 Core/Src/main.o
 .debug_macro   0x00000000000223bb      0x14e Core/Src/main.o
 .debug_macro   0x0000000000022509      0x10c Core/Src/main.o
 .debug_macro   0x0000000000022615      0x207 Core/Src/stm32f7xx_hal_msp.o
 .debug_macro   0x000000000002281c      0x211 Core/Src/stm32f7xx_it.o
 .debug_macro   0x0000000000022a2d      0x1fe Core/Src/system_stm32f7xx.o
 .debug_macro   0x0000000000022c2b      0x21c Drivers/STM32F7xx_HAL_Driver/Src/stm32f7xx_hal.o
 .debug_macro   0x0000000000022e47      0x1f9 Drivers/STM32F7xx_HAL_Driver/Src/stm32f7xx_hal_adc.o
 .debug_macro   0x0000000000023040      0x1f8 Drivers/STM32F7xx_HAL_Driver/Src/stm32f7xx_hal_cortex.o
 .debug_macro   0x0000000000023238      0x1fe Drivers/STM32F7xx_HAL_Driver/Src/stm32f7xx_hal_dma.o
 .debug_macro   0x0000000000023436      0x22e Drivers/STM32F7xx_HAL_Driver/Src/stm32f7xx_hal_gpio.o
 .debug_macro   0x0000000000023664      0x204 Drivers/STM32F7xx_HAL_Driver/Src/stm32f7xx_hal_pcd.o
 .debug_macro   0x0000000000023868      0x1f8 Drivers/STM32F7xx_HAL_Driver/Src/stm32f7xx_hal_pcd_ex.o
 .debug_macro   0x0000000000023a60      0x216 Drivers/STM32F7xx_HAL_Driver/Src/stm32f7xx_hal_pwr.o
 .debug_macro   0x0000000000023c76      0x21c Drivers/STM32F7xx_HAL_Driver/Src/stm32f7xx_hal_rcc.o
 .debug_macro   0x0000000000023e92      0x1f8 Drivers/STM32F7xx_HAL_Driver/Src/stm32f7xx_hal_rcc_ex.o
 .debug_macro   0x000000000002408a      0x1f8 Drivers/STM32F7xx_HAL_Driver/Src/stm32f7xx_ll_usb.o

.debug_line     0x0000000000000000     0x9018
 .debug_line    0x0000000000000000      0x83e Core/Src/main.o
 .debug_line    0x000000000000083e      0x78d Core/Src/stm32f7xx_hal_msp.o
 .debug_line    0x0000000000000fcb      0x7d4 Core/Src/stm32f7xx_it.o
 .debug_line    0x000000000000179f      0x74f Core/Src/system_stm32f7xx.o
 .debug_line    0x0000000000001eee       0x86 Core/Startup/startup_stm32f746zgtx.o
 .debug_line    0x0000000000001f74      0x955 Drivers/STM32F7xx_HAL_Driver/Src/stm32f7xx_hal.o
 .debug_line    0x00000000000028c9      0xb6c Drivers/STM32F7xx_HAL_Driver/Src/stm32f7xx_hal_adc.o
 .debug_line    0x0000000000003435      0xa59 Drivers/STM32F7xx_HAL_Driver/Src/stm32f7xx_hal_cortex.o
 .debug_line    0x0000000000003e8e      0xa04 Drivers/STM32F7xx_HAL_Driver/Src/stm32f7xx_hal_dma.o
 .debug_line    0x0000000000004892      0x93d Drivers/STM32F7xx_HAL_Driver/Src/stm32f7xx_hal_gpio.o
 .debug_line    0x00000000000051cf      0xca9 Drivers/STM32F7xx_HAL_Driver/Src/stm32f7xx_hal_pcd.o
 .debug_line    0x0000000000005e78      0x7bb Drivers/STM32F7xx_HAL_Driver/Src/stm32f7xx_hal_pcd_ex.o
 .debug_line    0x0000000000006633      0x89d Drivers/STM32F7xx_HAL_Driver/Src/stm32f7xx_hal_pwr.o
 .debug_line    0x0000000000006ed0      0x9b9 Drivers/STM32F7xx_HAL_Driver/Src/stm32f7xx_hal_rcc.o
 .debug_line    0x0000000000007889      0x940 Drivers/STM32F7xx_HAL_Driver/Src/stm32f7xx_hal_rcc_ex.o
 .debug_line    0x00000000000081c9      0xe4f Drivers/STM32F7xx_HAL_Driver/Src/stm32f7xx_ll_usb.o

.debug_str      0x0000000000000000    0xdfe21
 .debug_str     0x0000000000000000    0xdd313 Core/Src/main.o
                                      0xddaa1 (size before relaxing)
 .debug_str     0x00000000000dd313       0x7a Core/Src/stm32f7xx_hal_msp.o
                                      0xdd616 (size before relaxing)
 .debug_str     0x00000000000dd38d       0xbd Core/Src/stm32f7xx_it.o
                                      0xdcd97 (size before relaxing)
 .debug_str     0x00000000000dd44a      0x18d Core/Src/system_stm32f7xx.o
                                      0xdcb4f (size before relaxing)
 .debug_str     0x00000000000dd5d7       0x36 Core/Startup/startup_stm32f746zgtx.o
                                         0x79 (size before relaxing)
 .debug_str     0x00000000000dd60d      0x90d Drivers/STM32F7xx_HAL_Driver/Src/stm32f7xx_hal.o
                                      0xdd3f4 (size before relaxing)
 .debug_str     0x00000000000ddf1a      0x296 Drivers/STM32F7xx_HAL_Driver/Src/stm32f7xx_hal_adc.o
                                      0xdcff2 (size before relaxing)
 .debug_str     0x00000000000de1b0      0x38d Drivers/STM32F7xx_HAL_Driver/Src/stm32f7xx_hal_cortex.o
                                      0xdd4a8 (size before relaxing)
 .debug_str     0x00000000000de53d      0x2fc Drivers/STM32F7xx_HAL_Driver/Src/stm32f7xx_hal_dma.o
                                      0xdce89 (size before relaxing)
 .debug_str     0x00000000000de839      0x249 Drivers/STM32F7xx_HAL_Driver/Src/stm32f7xx_hal_gpio.o
                                      0xdcd25 (size before relaxing)
 .debug_str     0x00000000000dea82      0x530 Drivers/STM32F7xx_HAL_Driver/Src/stm32f7xx_hal_pcd.o
                                      0xdd234 (size before relaxing)
 .debug_str     0x00000000000defb2      0x172 Drivers/STM32F7xx_HAL_Driver/Src/stm32f7xx_hal_pcd_ex.o
                                      0xdce5c (size before relaxing)
 .debug_str     0x00000000000df124      0x2c5 Drivers/STM32F7xx_HAL_Driver/Src/stm32f7xx_hal_pwr.o
                                      0xdce07 (size before relaxing)
 .debug_str     0x00000000000df3e9      0x26d Drivers/STM32F7xx_HAL_Driver/Src/stm32f7xx_hal_rcc.o
                                      0xdce5f (size before relaxing)
 .debug_str     0x00000000000df656      0x169 Drivers/STM32F7xx_HAL_Driver/Src/stm32f7xx_hal_rcc_ex.o
                                      0xdcdf4 (size before relaxing)
 .debug_str     0x00000000000df7bf      0x662 Drivers/STM32F7xx_HAL_Driver/Src/stm32f7xx_ll_usb.o
                                      0xdd363 (size before relaxing)

.comment        0x0000000000000000       0x7b
 .comment       0x0000000000000000       0x7b Core/Src/main.o
                                         0x7c (size before relaxing)
 .comment       0x000000000000007b       0x7c Core/Src/stm32f7xx_hal_msp.o
 .comment       0x000000000000007b       0x7c Core/Src/stm32f7xx_it.o
 .comment       0x000000000000007b       0x7c Core/Src/system_stm32f7xx.o
 .comment       0x000000000000007b       0x7c Drivers/STM32F7xx_HAL_Driver/Src/stm32f7xx_hal.o
 .comment       0x000000000000007b       0x7c Drivers/STM32F7xx_HAL_Driver/Src/stm32f7xx_hal_adc.o
 .comment       0x000000000000007b       0x7c Drivers/STM32F7xx_HAL_Driver/Src/stm32f7xx_hal_cortex.o
 .comment       0x000000000000007b       0x7c Drivers/STM32F7xx_HAL_Driver/Src/stm32f7xx_hal_dma.o
 .comment       0x000000000000007b       0x7c Drivers/STM32F7xx_HAL_Driver/Src/stm32f7xx_hal_gpio.o
 .comment       0x000000000000007b       0x7c Drivers/STM32F7xx_HAL_Driver/Src/stm32f7xx_hal_pcd.o
 .comment       0x000000000000007b       0x7c Drivers/STM32F7xx_HAL_Driver/Src/stm32f7xx_hal_pcd_ex.o
 .comment       0x000000000000007b       0x7c Drivers/STM32F7xx_HAL_Driver/Src/stm32f7xx_hal_pwr.o
 .comment       0x000000000000007b       0x7c Drivers/STM32F7xx_HAL_Driver/Src/stm32f7xx_hal_rcc.o
 .comment       0x000000000000007b       0x7c Drivers/STM32F7xx_HAL_Driver/Src/stm32f7xx_hal_rcc_ex.o
 .comment       0x000000000000007b       0x7c Drivers/STM32F7xx_HAL_Driver/Src/stm32f7xx_ll_usb.o

.debug_frame    0x0000000000000000     0x26f8
 .debug_frame   0x0000000000000000      0x104 Core/Src/main.o
 .debug_frame   0x0000000000000104       0xc8 Core/Src/stm32f7xx_hal_msp.o
 .debug_frame   0x00000000000001cc      0x10c Core/Src/stm32f7xx_it.o
 .debug_frame   0x00000000000002d8       0x58 Core/Src/system_stm32f7xx.o
 .debug_frame   0x0000000000000330      0x3b4 Drivers/STM32F7xx_HAL_Driver/Src/stm32f7xx_hal.o
 .debug_frame   0x00000000000006e4      0x3fc Drivers/STM32F7xx_HAL_Driver/Src/stm32f7xx_hal_adc.o
 .debug_frame   0x0000000000000ae0      0x498 Drivers/STM32F7xx_HAL_Driver/Src/stm32f7xx_hal_cortex.o
 .debug_frame   0x0000000000000f78      0x250 Drivers/STM32F7xx_HAL_Driver/Src/stm32f7xx_hal_dma.o
 .debug_frame   0x00000000000011c8      0x14c Drivers/STM32F7xx_HAL_Driver/Src/stm32f7xx_hal_gpio.o
 .debug_frame   0x0000000000001314      0x548 Drivers/STM32F7xx_HAL_Driver/Src/stm32f7xx_hal_pcd.o
 .debug_frame   0x000000000000185c      0x100 Drivers/STM32F7xx_HAL_Driver/Src/stm32f7xx_hal_pcd_ex.o
 .debug_frame   0x000000000000195c      0x254 Drivers/STM32F7xx_HAL_Driver/Src/stm32f7xx_hal_pwr.o
 .debug_frame   0x0000000000001bb0      0x1f4 Drivers/STM32F7xx_HAL_Driver/Src/stm32f7xx_hal_rcc.o
 .debug_frame   0x0000000000001da4      0x118 Drivers/STM32F7xx_HAL_Driver/Src/stm32f7xx_hal_rcc_ex.o
 .debug_frame   0x0000000000001ebc      0x790 Drivers/STM32F7xx_HAL_Driver/Src/stm32f7xx_ll_usb.o
 .debug_frame   0x000000000000264c       0x2c /Applications/STM32CubeIDE.app/Contents/Eclipse/plugins/com.st.stm32cube.ide.mcu.externaltools.gnu-tools-for-stm32.7-2018-q2-update.macos64_1.0.0.201904181610/tools/bin/../lib/gcc/arm-none-eabi/7.3.1/../../../../arm-none-eabi/lib/thumb/v7e-m/fpv4-sp/hard/libc_nano.a(lib_a-init.o)
 .debug_frame   0x0000000000002678       0x20 /Applications/STM32CubeIDE.app/Contents/Eclipse/plugins/com.st.stm32cube.ide.mcu.externaltools.gnu-tools-for-stm32.7-2018-q2-update.macos64_1.0.0.201904181610/tools/bin/../lib/gcc/arm-none-eabi/7.3.1/../../../../arm-none-eabi/lib/thumb/v7e-m/fpv4-sp/hard/libc_nano.a(lib_a-memset.o)
 .debug_frame   0x0000000000002698       0x2c /Applications/STM32CubeIDE.app/Contents/Eclipse/plugins/com.st.stm32cube.ide.mcu.externaltools.gnu-tools-for-stm32.7-2018-q2-update.macos64_1.0.0.201904181610/tools/bin/../lib/gcc/arm-none-eabi/7.3.1/thumb/v7e-m/fpv4-sp/hard/libgcc.a(_aeabi_uldivmod.o)
 .debug_frame   0x00000000000026c4       0x34 /Applications/STM32CubeIDE.app/Contents/Eclipse/plugins/com.st.stm32cube.ide.mcu.externaltools.gnu-tools-for-stm32.7-2018-q2-update.macos64_1.0.0.201904181610/tools/bin/../lib/gcc/arm-none-eabi/7.3.1/thumb/v7e-m/fpv4-sp/hard/libgcc.a(_udivmoddi4.o)
